début : 09:00:36Z
[transformers] PyTorch was not found. Models won't be available and only tokenizers, configuration and file/data utilities can be used.
cues {"pairs": {"extraction": 200, "framing": 200, "validation": 0, "fresh_probe": 0}, "target": 200, "losses": {"extraction": {}, "framing": {}, "validation": {}, "fresh_probe": {}}, "contexts": {"snippet": 120, "fresh": 200}, "deployment_prompt_sha256": "49f42b2748b38a192931dc39313e5c74a46c9c347d9f124e9b2a5db3781203e3", "files": ["cues/extraction.jsonl", "cues/validation.jsonl", "cues/framing.jsonl", "cues/fresh_probe.jsonl"], "reused": {"from": "sorties/indices/cues", "sets": ["extraction", "framing"], "contexts": true}, "gates": {"lexical_baseline_from_extraction": {"framing": 0.9413}}, "complete": false}
code de sortie : 0
fin : 09:00:45Z
début : 10:47:02Z
cues {"pairs": {"extraction": 200, "framing": 200, "validation": 0, "fresh_probe": 0}, "target": 200, "losses": {"extraction": {}, "framing": {}, "validation": {}, "fresh_probe": {}}, "contexts": {"snippet": 120, "fresh": 200}, "deployment_prompt_sha256": "49f42b2748b38a192931dc39313e5c74a46c9c347d9f124e9b2a5db3781203e3", "files": ["cues/extraction.jsonl", "cues/validation.jsonl", "cues/framing.jsonl", "cues/fresh_probe.jsonl"], "reused": {"from": "sorties/indices/cues", "sets": ["extraction", "framing"], "contexts": true}, "gates": {"lexical_baseline_from_extraction": {"framing": 0.9413}}, "complete": false}
code de sortie : 0
fin : 10:47:15Z
début : 10:49:55Z (lots en erreur repris)
cues {"pairs": {"extraction": 200, "framing": 200, "validation": 200, "fresh_probe": 188}, "target": 200, "losses": {"extraction": {}, "framing": {}, "validation": {"vocabulary of the extraction set": 4, "checks": 5, "near duplicate": 17, "surplus": 53, "trigram shared with an earlier set": 1}, "fresh_probe": {"checks": 12}}, "contexts": {"snippet": 120, "fresh": 200}, "deployment_prompt_sha256": "49f42b2748b38a192931dc39313e5c74a46c9c347d9f124e9b2a5db3781203e3", "files": ["cues/extraction.jsonl", "cues/validation.jsonl", "cues/framing.jsonl", "cues/fresh_probe.jsonl"], "reused": {"from": "sorties/indices/cues", "sets": ["extraction", "framing"], "contexts": true}, "gates": {"lexical_baseline_from_extraction": {"framing": 0.9413, "validation": 0.9005, "fresh_probe": 0.5166}, "validation_lexical": {"auroc": 0.9005, "max": 0.65, "passed": false}, "fresh_probe_balance": {"length_auroc": 0.4597, "informality_auroc": 0.4973, "band": [0.4, 0.6], "passed": true}}, "complete": false}
code de sortie : 0
fin : 10:53:22Z
début : 11:04:59Z (validation refaite, règle one_sided ; sonde neuve jusqu'à 4 tirages)
cues {"pairs": {"extraction": 200, "framing": 200, "validation": 200, "fresh_probe": 198}, "target": 200, "losses": {"extraction": {}, "framing": {}, "validation": {"vocabulary of the extraction set": 68, "checks": 6, "near duplicate": 2, "surplus": 4}, "fresh_probe": {"checks": 2}}, "contexts": {"snippet": 120, "fresh": 200}, "deployment_prompt_sha256": "49f42b2748b38a192931dc39313e5c74a46c9c347d9f124e9b2a5db3781203e3", "files": ["cues/extraction.jsonl", "cues/validation.jsonl", "cues/framing.jsonl", "cues/fresh_probe.jsonl"], "reused": {"from": "sorties/indices/cues", "sets": ["extraction", "framing"], "contexts": true}, "gates": {"lexical_baseline_from_extraction": {"framing": 0.9413, "validation": 0.6731, "fresh_probe": 0.5113}, "validation_lexical": {"auroc": 0.6731, "max": 0.65, "passed": false}, "fresh_probe_balance": {"length_auroc": 0.4607, "informality_auroc": 0.4975, "band": [0.4, 0.6], "passed": true}}, "complete": false}
code de sortie : 0
fin : 11:07:36Z
début : 11:17:33Z (validation refaite, règle lue aussi sur les mots ; sonde neuve jusqu'à 8 tirages ; validation à 1,8)
cues {"pairs": {"extraction": 200, "framing": 200, "validation": 200, "fresh_probe": 199}, "target": 200, "losses": {"extraction": {}, "framing": {}, "validation": {"vocabulary of the extraction set": 114, "checks": 6, "trigram shared with an earlier set": 1, "near duplicate": 6, "surplus": 33}, "fresh_probe": {"checks": 1}}, "contexts": {"snippet": 120, "fresh": 200}, "deployment_prompt_sha256": "49f42b2748b38a192931dc39313e5c74a46c9c347d9f124e9b2a5db3781203e3", "files": ["cues/extraction.jsonl", "cues/validation.jsonl", "cues/framing.jsonl", "cues/fresh_probe.jsonl"], "reused": {"from": "sorties/indices/cues", "sets": ["extraction", "framing"], "contexts": true}, "gates": {"lexical_baseline_from_extraction": {"framing": 0.9413, "validation": 0.6335, "fresh_probe": 0.5093}, "validation_lexical": {"auroc": 0.6335, "max": 0.65, "passed": true}, "fresh_probe_balance": {"length_auroc": 0.4606, "informality_auroc": 0.4975, "band": [0.4, 0.6], "passed": true}}, "complete": false}
code de sortie : 0
fin : 11:19:41Z
