[transformers] PyTorch was not found. Models won't be available and only tokenizers, configuration and file/data utilities can be used.
plan {"items": 135}
situations {"ok": 73, "total": 135}
actions {"ok": 0, "total": 73}
reasons {"ok": 0, "total": 0}
neutral {"ok": 0, "total": 0}
assemble {"final": 0, "gates": {"tokenizer": "exact", "lengths": "ok", "reserved_lexicon": "ok", "evaluation_awareness_patterns": "ok", "ngrams": "not run: the held-out scenarios do not exist yet", "cues": "not run: the cue sets do not exist yet", "affective_matching": "not run: GPU stage (projections of the arm texts and cue pairs, |d| < 0.2)"}, "blocking": ["ngrams", "cues", "affective_matching"]}
Traceback (most recent call last):
  File "<frozen runpy>", line 198, in _run_module_as_main
  File "<frozen runpy>", line 88, in _run_code
  File "/home/user/raisons-ou-regard/donnees/rrdata/__main__.py", line 3, in <module>
    main()
  File "/home/user/raisons-ou-regard/donnees/rrdata/cli.py", line 60, in main
    print(s, json.dumps(run(ctx, s, args), ensure_ascii=False))
                        ^^^^^^^^^^^^^^^^^
  File "/home/user/raisons-ou-regard/donnees/rrdata/cli.py", line 28, in run
    return asm.audit(ctx)
           ^^^^^^^^^^^^^^
  File "/home/user/raisons-ou-regard/donnees/rrdata/assemble.py", line 277, in audit
    per = max(1, n // (len(fams) * len(ARMS)))
                 ~~^^~~~~~~~~~~~~~~~~~~~~~~~~
ZeroDivisionError: integer division or modulo by zero
début : 10:54:07Z (reprise, items en error:api refaits)
plan {"items": 135}
situations {"ok": 103, "total": 135}
actions {"ok": 95, "total": 103}
reasons {"ok": 93, "total": 95}
neutral {"ok": 73, "total": 93}
assemble {"final": 47, "gates": {"tokenizer": "exact", "lengths": "ok", "generic_length": "ok", "reserved_lexicon": "ok", "evaluation_awareness_patterns": "ok", "ngrams": "not run: the held-out scenarios do not exist yet", "cues": "not run: the cue sets do not exist yet", "affective_matching": "not run: GPU stage (projections of the arm texts and cue pairs, |d| < 0.2)"}, "blocking": ["ngrams", "cues", "affective_matching"]}
audit {"rows": 156, "per_cell": 6, "path": "/home/user/raisons-ou-regard/donnees/sorties/pilote/audit/audit_sheet.csv"}
report {"report": "/home/user/raisons-ou-regard/donnees/sorties/pilote/RAPPORT.md", "manifest": "/home/user/raisons-ou-regard/donnees/sorties/pilote/manifest.json"}
code de sortie : 0
fin : 11:18:06Z
début : 11:21:08Z (assemblage refait avec les jeux d'indices v2, sans appel)
assemble {"final": 47, "gates": {"tokenizer": "exact", "lengths": "ok", "generic_length": "ok", "reserved_lexicon": "ok", "evaluation_awareness_patterns": "ok", "ngrams": "not run: the held-out scenarios do not exist yet", "cues": "ok", "affective_matching": "not run: GPU stage (projections of the arm texts and cue pairs, |d| < 0.2)"}, "blocking": ["ngrams", "affective_matching"]}
audit {"rows": 156, "per_cell": 6, "path": "/home/user/raisons-ou-regard/donnees/sorties/pilote/audit/audit_sheet.csv"}
report {"report": "/home/user/raisons-ou-regard/donnees/sorties/pilote/RAPPORT.md", "manifest": "/home/user/raisons-ou-regard/donnees/sorties/pilote/manifest.json"}
code de sortie : 0
fin : 11:21:30Z
